// Jest Snapshot v1, https://goo.gl/fbAQLP

exports[`renderer throws if the root element is not an App 1`] = `"Root element should be an App!"`;
