// Jest Snapshot v1, https://goo.gl/fbAQLP

exports[`Root throws if something else than an App is appended to it 1`] = `"Root element should be an App!"`;

exports[`Root throws when trying to render a string 1`] = `"TextElements are not supported! (do you have some text in your JSX?)"`;

exports[`Root throws when trying to render an invalid component 1`] = `"type 'fake' is not implemented (yet?)!"`;
